// Jest Snapshot v1, https://goo.gl/fbAQLP

exports[`DotLoader should match snapshot 1`] = `
@keyframes animation-0 {
  100% {
    -webkit-transform: rotate(360deg);
    -ms-transform: rotate(360deg);
    transform: rotate(360deg);
  }
}

@keyframes animation-1 {
  0%, 100% {
    -webkit-transform: scale(0);
    -ms-transform: scale(0);
    transform: scale(0);
  }

  50% {
    -webkit-transform: scale(1.0);
    -ms-transform: scale(1.0);
    transform: scale(1.0);
  }
}

@keyframes animation-1 {
  0%, 100% {
    -webkit-transform: scale(0);
    -ms-transform: scale(0);
    transform: scale(0);
  }

  50% {
    -webkit-transform: scale(1.0);
    -ms-transform: scale(1.0);
    transform: scale(1.0);
  }
}

.emotion-2 {
  position: relative;
  width: 60px;
  height: 60px;
  -webkit-animation-fill-mode: forwards;
  animation-fill-mode: forwards;
  -webkit-animation: animation-0 2s 0s infinite linear;
  animation: animation-0 2s 0s infinite linear;
}

.emotion-0 {
  position: absolute;
  top: 0;
  bottom: auto;
  height: 30px;
  width: 30px;
  background-color: #000000;
  border-radius: 100%;
  -webkit-animation-fill-mode: forwards;
  animation-fill-mode: forwards;
  -webkit-animation: animation-1 2s 0s infinite linear;
  animation: animation-1 2s 0s infinite linear;
}

.emotion-1 {
  position: absolute;
  top: auto;
  bottom: 0;
  height: 30px;
  width: 30px;
  background-color: #000000;
  border-radius: 100%;
  -webkit-animation-fill-mode: forwards;
  animation-fill-mode: forwards;
  -webkit-animation: animation-1 2s -1s infinite linear;
  animation: animation-1 2s -1s infinite linear;
}

<onlyUpdateForKeys(Loader)
  color="#000000"
  css={Object {}}
  loading={true}
  size={60}
  sizeUnit="px"
>
  <Loader
    color="#000000"
    css={Object {}}
    loading={true}
    size={60}
    sizeUnit="px"
  >
    <div
      className="emotion-2"
    >
      <div
        className="emotion-0"
      />
      <div
        className="emotion-1"
      />
    </div>
  </Loader>
</onlyUpdateForKeys(Loader)>
`;
