// Jest Snapshot v1, https://goo.gl/fbAQLP

exports[`GridLoader should match snapshot 1`] = `
@keyframes animation-0 {
  0% {
    -webkit-transform: scale(1);
    -ms-transform: scale(1);
    transform: scale(1);
  }

  50% {
    -webkit-transform: scale(0.5);
    -ms-transform: scale(0.5);
    transform: scale(0.5);
    opacity: 0.7;
  }

  100% {
    -webkit-transform: scale(1);
    -ms-transform: scale(1);
    transform: scale(1);
    opacity: 1;
  }
}

@keyframes animation-0 {
  0% {
    -webkit-transform: scale(1);
    -ms-transform: scale(1);
    transform: scale(1);
  }

  50% {
    -webkit-transform: scale(0.5);
    -ms-transform: scale(0.5);
    transform: scale(0.5);
    opacity: 0.7;
  }

  100% {
    -webkit-transform: scale(1);
    -ms-transform: scale(1);
    transform: scale(1);
    opacity: 1;
  }
}

@keyframes animation-0 {
  0% {
    -webkit-transform: scale(1);
    -ms-transform: scale(1);
    transform: scale(1);
  }

  50% {
    -webkit-transform: scale(0.5);
    -ms-transform: scale(0.5);
    transform: scale(0.5);
    opacity: 0.7;
  }

  100% {
    -webkit-transform: scale(1);
    -ms-transform: scale(1);
    transform: scale(1);
    opacity: 1;
  }
}

@keyframes animation-0 {
  0% {
    -webkit-transform: scale(1);
    -ms-transform: scale(1);
    transform: scale(1);
  }

  50% {
    -webkit-transform: scale(0.5);
    -ms-transform: scale(0.5);
    transform: scale(0.5);
    opacity: 0.7;
  }

  100% {
    -webkit-transform: scale(1);
    -ms-transform: scale(1);
    transform: scale(1);
    opacity: 1;
  }
}

@keyframes animation-0 {
  0% {
    -webkit-transform: scale(1);
    -ms-transform: scale(1);
    transform: scale(1);
  }

  50% {
    -webkit-transform: scale(0.5);
    -ms-transform: scale(0.5);
    transform: scale(0.5);
    opacity: 0.7;
  }

  100% {
    -webkit-transform: scale(1);
    -ms-transform: scale(1);
    transform: scale(1);
    opacity: 1;
  }
}

@keyframes animation-0 {
  0% {
    -webkit-transform: scale(1);
    -ms-transform: scale(1);
    transform: scale(1);
  }

  50% {
    -webkit-transform: scale(0.5);
    -ms-transform: scale(0.5);
    transform: scale(0.5);
    opacity: 0.7;
  }

  100% {
    -webkit-transform: scale(1);
    -ms-transform: scale(1);
    transform: scale(1);
    opacity: 1;
  }
}

@keyframes animation-0 {
  0% {
    -webkit-transform: scale(1);
    -ms-transform: scale(1);
    transform: scale(1);
  }

  50% {
    -webkit-transform: scale(0.5);
    -ms-transform: scale(0.5);
    transform: scale(0.5);
    opacity: 0.7;
  }

  100% {
    -webkit-transform: scale(1);
    -ms-transform: scale(1);
    transform: scale(1);
    opacity: 1;
  }
}

@keyframes animation-0 {
  0% {
    -webkit-transform: scale(1);
    -ms-transform: scale(1);
    transform: scale(1);
  }

  50% {
    -webkit-transform: scale(0.5);
    -ms-transform: scale(0.5);
    transform: scale(0.5);
    opacity: 0.7;
  }

  100% {
    -webkit-transform: scale(1);
    -ms-transform: scale(1);
    transform: scale(1);
    opacity: 1;
  }
}

@keyframes animation-0 {
  0% {
    -webkit-transform: scale(1);
    -ms-transform: scale(1);
    transform: scale(1);
  }

  50% {
    -webkit-transform: scale(0.5);
    -ms-transform: scale(0.5);
    transform: scale(0.5);
    opacity: 0.7;
  }

  100% {
    -webkit-transform: scale(1);
    -ms-transform: scale(1);
    transform: scale(1);
    opacity: 1;
  }
}

.emotion-9 {
  width: 57px;
  font-size: 0;
}

.emotion-0 {
  display: inline-block;
  background-color: #000000;
  width: 15px;
  height: 15px;
  margin: 2px;
  border-radius: 100%;
  -webkit-animation-fill-mode: "both";
  animation-fill-mode: "both";
  -webkit-animation: animation-0 1.451411883131914s 0.6514118831319142s infinite ease;
  animation: animation-0 1.451411883131914s 0.6514118831319142s infinite ease;
}

.emotion-1 {
  display: inline-block;
  background-color: #000000;
  width: 15px;
  height: 15px;
  margin: 2px;
  border-radius: 100%;
  -webkit-animation-fill-mode: "both";
  animation-fill-mode: "both";
  -webkit-animation: animation-0 0.9861421379263186s 0.18614213792631856s infinite ease;
  animation: animation-0 0.9861421379263186s 0.18614213792631856s infinite ease;
}

.emotion-2 {
  display: inline-block;
  background-color: #000000;
  width: 15px;
  height: 15px;
  margin: 2px;
  border-radius: 100%;
  -webkit-animation-fill-mode: "both";
  animation-fill-mode: "both";
  -webkit-animation: animation-0 0.9371196166800847s 0.1371196166800847s infinite ease;
  animation: animation-0 0.9371196166800847s 0.1371196166800847s infinite ease;
}

.emotion-3 {
  display: inline-block;
  background-color: #000000;
  width: 15px;
  height: 15px;
  margin: 2px;
  border-radius: 100%;
  -webkit-animation-fill-mode: "both";
  animation-fill-mode: "both";
  -webkit-animation: animation-0 0.9567568543180507s 0.15675685431805075s infinite ease;
  animation: animation-0 0.9567568543180507s 0.15675685431805075s infinite ease;
}

.emotion-4 {
  display: inline-block;
  background-color: #000000;
  width: 15px;
  height: 15px;
  margin: 2px;
  border-radius: 100%;
  -webkit-animation-fill-mode: "both";
  animation-fill-mode: "both";
  -webkit-animation: animation-0 1.0468944474571393s 0.24689444745713945s infinite ease;
  animation: animation-0 1.0468944474571393s 0.24689444745713945s infinite ease;
}

.emotion-5 {
  display: inline-block;
  background-color: #000000;
  width: 15px;
  height: 15px;
  margin: 2px;
  border-radius: 100%;
  -webkit-animation-fill-mode: "both";
  animation-fill-mode: "both";
  -webkit-animation: animation-0 0.7308646265271298s -0.06913537347287019s infinite ease;
  animation: animation-0 0.7308646265271298s -0.06913537347287019s infinite ease;
}

.emotion-6 {
  display: inline-block;
  background-color: #000000;
  width: 15px;
  height: 15px;
  margin: 2px;
  border-radius: 100%;
  -webkit-animation-fill-mode: "both";
  animation-fill-mode: "both";
  -webkit-animation: animation-0 0.883016164222936s 0.08301616422293606s infinite ease;
  animation: animation-0 0.883016164222936s 0.08301616422293606s infinite ease;
}

.emotion-7 {
  display: inline-block;
  background-color: #000000;
  width: 15px;
  height: 15px;
  margin: 2px;
  border-radius: 100%;
  -webkit-animation-fill-mode: "both";
  animation-fill-mode: "both";
  -webkit-animation: animation-0 1.1892953208517194s 0.3892953208517193s infinite ease;
  animation: animation-0 1.1892953208517194s 0.3892953208517193s infinite ease;
}

.emotion-8 {
  display: inline-block;
  background-color: #000000;
  width: 15px;
  height: 15px;
  margin: 2px;
  border-radius: 100%;
  -webkit-animation-fill-mode: "both";
  animation-fill-mode: "both";
  -webkit-animation: animation-0 1.0851852415196035s 0.2851852415196034s infinite ease;
  animation: animation-0 1.0851852415196035s 0.2851852415196034s infinite ease;
}

<onlyUpdateForKeys(Loader)
  color="#000000"
  css={Object {}}
  loading={true}
  margin="2px"
  size={15}
  sizeUnit="px"
>
  <Loader
    color="#000000"
    css={Object {}}
    loading={true}
    margin="2px"
    size={15}
    sizeUnit="px"
  >
    <div
      className="emotion-9"
    >
      <div
        className="emotion-0"
      />
      <div
        className="emotion-1"
      />
      <div
        className="emotion-2"
      />
      <div
        className="emotion-3"
      />
      <div
        className="emotion-4"
      />
      <div
        className="emotion-5"
      />
      <div
        className="emotion-6"
      />
      <div
        className="emotion-7"
      />
      <div
        className="emotion-8"
      />
    </div>
  </Loader>
</onlyUpdateForKeys(Loader)>
`;
