// Jest Snapshot v1, https://goo.gl/fbAQLP

exports[`GridLoader should match snapshot 1`] = `
@keyframes animation-0 {
  0% {
    -webkit-transform: scale(1);
    -ms-transform: scale(1);
    transform: scale(1);
  }

  50% {
    -webkit-transform: scale(0.5);
    -ms-transform: scale(0.5);
    transform: scale(0.5);
    opacity: 0.7;
  }

  100% {
    -webkit-transform: scale(1);
    -ms-transform: scale(1);
    transform: scale(1);
    opacity: 1;
  }
}

.emotion-9 {
  width: 57px;
  font-size: 0;
}

.emotion-0 {
  display: inline-block;
  background-color: #000000;
  width: 15px;
  height: 15px;
  margin: 2px;
  border-radius: 100%;
  -webkit-animation-fill-mode: "both";
  animation-fill-mode: "both";
  -webkit-animation: animation-0 1.1s 0.3s infinite ease;
  animation: animation-0 1.1s 0.3s infinite ease;
}

<onlyUpdateForKeys(Loader)
  color="#000000"
  css={Object {}}
  loading={true}
  margin="2px"
  size={15}
  sizeUnit="px"
>
  <Loader
    color="#000000"
    css={Object {}}
    loading={true}
    margin="2px"
    size={15}
    sizeUnit="px"
  >
    <div
      className="emotion-9"
    >
      <div
        className="emotion-0"
      />
      <div
        className="emotion-0"
      />
      <div
        className="emotion-0"
      />
      <div
        className="emotion-0"
      />
      <div
        className="emotion-0"
      />
      <div
        className="emotion-0"
      />
      <div
        className="emotion-0"
      />
      <div
        className="emotion-0"
      />
      <div
        className="emotion-0"
      />
    </div>
  </Loader>
</onlyUpdateForKeys(Loader)>
`;
