// Jest Snapshot v1, https://goo.gl/fbAQLP

exports[`MoonLoader should match snapshot 1`] = `
@keyframes animation-0 {
  100% {
    -webkit-transform: rotate(360deg);
    -moz-transform: rotate(360deg);
    -ms-transform: rotate(360deg);
    transform: rotate(360deg);
  }
}

@keyframes animation-0 {
  100% {
    -webkit-transform: rotate(360deg);
    -moz-transform: rotate(360deg);
    -ms-transform: rotate(360deg);
    transform: rotate(360deg);
  }
}

.emotion-01683kmo {
  position: relative;
  width: 77.14285714285714px;
  height: 77.14285714285714px;
  -webkit-animation: animation-0 0.6s 0s infinite linear;
  animation: animation-0 0.6s 0s infinite linear;
  -webkit-animation-fill-mode: forwards;
  animation-fill-mode: forwards;
}

.emotion-042s4e8 {
  width: 8.571428571428571px;
  height: 8.571428571428571px;
  border-radius: 100%;
  background-color: #000000;
  opacity: 0.8;
  position: absolute;
  top: 25.714285714285715px;
  -webkit-animation: animation-0 0.6s 0s infinite linear;
  animation: animation-0 0.6s 0s infinite linear;
  -webkit-animation-fill-mode: forwards;
  animation-fill-mode: forwards;
}

.emotion-01a1rv6j {
  width: 60px;
  height: 60px;
  border-radius: 100%;
  border: 8.571428571428571px solid #000000;
  opacity: 0.1;
  box-sizing: content-box;
}

<Loader
  color="#000000"
  css=""
  loading={true}
  size={60}
>
  <span
    className="emotion-0"
  >
    <span
      className="emotion-01683kmo"
    >
      <span
        className="emotion-042s4e8"
      />
      <span
        className="emotion-01a1rv6j"
      />
    </span>
  </span>
</Loader>
`;
