// Jest Snapshot v1, https://goo.gl/fbAQLP

exports[`PuffLoader common specs should match snapshot 1`] = `
@keyframes animation-0 {
  0% {
    -webkit-transform: scale(0);
    -moz-transform: scale(0);
    -ms-transform: scale(0);
    transform: scale(0);
  }

  100% {
    -webkit-transform: scale(1.0);
    -moz-transform: scale(1.0);
    -ms-transform: scale(1.0);
    transform: scale(1.0);
  }
}

@keyframes animation-0 {
  0% {
    -webkit-transform: scale(0);
    -moz-transform: scale(0);
    -ms-transform: scale(0);
    transform: scale(0);
  }

  100% {
    -webkit-transform: scale(1.0);
    -moz-transform: scale(1.0);
    -ms-transform: scale(1.0);
    transform: scale(1.0);
  }
}

@keyframes animation-1 {
  0% {
    opacity: 1;
  }

  100% {
    opacity: 0;
  }
}

@keyframes animation-1 {
  0% {
    opacity: 1;
  }

  100% {
    opacity: 0;
  }
}

.emotion-0mz0q36 {
  position: relative;
  width: 60px;
  height: 60px;
}

.emotion-01jt58b5 {
  position: absolute;
  height: 60px;
  width: 60px;
  border: thick solid #000000;
  border-radius: 50%;
  opacity: 1;
  top: 0;
  left: 0;
  -webkit-animation-fill-mode: both;
  animation-fill-mode: both;
  -webkit-animation: animation-0,animation-1;
  animation: animation-0,animation-1;
  -webkit-animation-duration: 2s;
  animation-duration: 2s;
  -webkit-animation-iteration-count: infinite;
  animation-iteration-count: infinite;
  -webkit-animation-timing-function: cubic-bezier(0.165, 0.84, 0.44, 1),cubic-bezier(0.3, 0.61, 0.355, 1);
  animation-timing-function: cubic-bezier(0.165, 0.84, 0.44, 1),cubic-bezier(0.3, 0.61, 0.355, 1);
  -webkit-animation-delay: -1s;
  animation-delay: -1s;
}

.emotion-0i1b41b {
  position: absolute;
  height: 60px;
  width: 60px;
  border: thick solid #000000;
  border-radius: 50%;
  opacity: 1;
  top: 0;
  left: 0;
  -webkit-animation-fill-mode: both;
  animation-fill-mode: both;
  -webkit-animation: animation-0,animation-1;
  animation: animation-0,animation-1;
  -webkit-animation-duration: 2s;
  animation-duration: 2s;
  -webkit-animation-iteration-count: infinite;
  animation-iteration-count: infinite;
  -webkit-animation-timing-function: cubic-bezier(0.165, 0.84, 0.44, 1),cubic-bezier(0.3, 0.61, 0.355, 1);
  animation-timing-function: cubic-bezier(0.165, 0.84, 0.44, 1),cubic-bezier(0.3, 0.61, 0.355, 1);
  -webkit-animation-delay: 0s;
  animation-delay: 0s;
}

<Loader
  color="#000000"
  css=""
  loading={true}
  size={60}
  speedMultiplier={1}
>
  <span
    className="emotion-0"
  >
    <span
      className="emotion-0mz0q36"
    >
      <span
        className="emotion-01jt58b5"
      />
      <span
        className="emotion-0i1b41b"
      />
    </span>
  </span>
</Loader>
`;
