// Jest Snapshot v1, https://goo.gl/fbAQLP

exports[`RingLoader common specs should match snapshot 1`] = `
@keyframes animation-0 {
  0% {
    -webkit-transform: rotateX(0deg) rotateY(0deg) rotateZ(0deg);
    -moz-transform: rotateX(0deg) rotateY(0deg) rotateZ(0deg);
    -ms-transform: rotateX(0deg) rotateY(0deg) rotateZ(0deg);
    transform: rotateX(0deg) rotateY(0deg) rotateZ(0deg);
  }

  100% {
    -webkit-transform: rotateX(180deg) rotateY(360deg) rotateZ(360deg);
    -moz-transform: rotateX(180deg) rotateY(360deg) rotateZ(360deg);
    -ms-transform: rotateX(180deg) rotateY(360deg) rotateZ(360deg);
    transform: rotateX(180deg) rotateY(360deg) rotateZ(360deg);
  }
}

@keyframes animation-1 {
  0% {
    -webkit-transform: rotateX(0deg) rotateY(0deg) rotateZ(0deg);
    -moz-transform: rotateX(0deg) rotateY(0deg) rotateZ(0deg);
    -ms-transform: rotateX(0deg) rotateY(0deg) rotateZ(0deg);
    transform: rotateX(0deg) rotateY(0deg) rotateZ(0deg);
  }

  100% {
    -webkit-transform: rotateX(360deg) rotateY(180deg) rotateZ(360deg);
    -moz-transform: rotateX(360deg) rotateY(180deg) rotateZ(360deg);
    -ms-transform: rotateX(360deg) rotateY(180deg) rotateZ(360deg);
    transform: rotateX(360deg) rotateY(180deg) rotateZ(360deg);
  }
}

.emotion-0 {
  width: 60px;
  height: 60px;
  position: relative;
}

.emotion-1 {
  position: absolute;
  top: 0;
  left: 0;
  width: 60px;
  height: 60px;
  border: 6px solid #000000;
  opacity: 0.4;
  border-radius: 100%;
  -webkit-animation-fill-mode: forwards;
  animation-fill-mode: forwards;
  perspective: 800px;
  -webkit-animation: animation-0 2s 0s infinite linear;
  animation: animation-0 2s 0s infinite linear;
}

.emotion-2 {
  position: absolute;
  top: 0;
  left: 0;
  width: 60px;
  height: 60px;
  border: 6px solid #000000;
  opacity: 0.4;
  border-radius: 100%;
  -webkit-animation-fill-mode: forwards;
  animation-fill-mode: forwards;
  perspective: 800px;
  -webkit-animation: animation-1 2s 0s infinite linear;
  animation: animation-1 2s 0s infinite linear;
}

<Loader
  color="#000000"
  css=""
  loading={true}
  size={60}
  speedMultiplier={1}
>
  <span
    className="emotion-0"
  >
    <span
      className="emotion-1"
    />
    <span
      className="emotion-2"
    />
  </span>
</Loader>
`;
