// Jest Snapshot v1, https://goo.gl/fbAQLP

exports[`RotateLoader should match snapshot 1`] = `
@keyframes animation-0 {
  0% {
    -webkit-transform: rotate(0deg);
    -moz-transform: rotate(0deg);
    -ms-transform: rotate(0deg);
    transform: rotate(0deg);
  }

  50% {
    -webkit-transform: rotate(180deg);
    -moz-transform: rotate(180deg);
    -ms-transform: rotate(180deg);
    transform: rotate(180deg);
  }

  100% {
    -webkit-transform: rotate(360deg);
    -moz-transform: rotate(360deg);
    -ms-transform: rotate(360deg);
    transform: rotate(360deg);
  }
}

.emotion-018iqsyx {
  background-color: #000000;
  width: 15px;
  height: 15px;
  border-radius: 100%;
  display: inline-block;
  position: relative;
  -webkit-animation-fill-mode: both;
  animation-fill-mode: both;
  -webkit-animation: animation-0 1s 0s infinite cubic-bezier(0.7, -0.13, 0.22, 0.86);
  animation: animation-0 1s 0s infinite cubic-bezier(0.7, -0.13, 0.22, 0.86);
}

.emotion-01ho6u3f {
  background-color: #000000;
  width: 15px;
  height: 15px;
  border-radius: 100%;
  opacity: 0.8;
  position: absolute;
  top: 0;
  left: -28px;
}

.emotion-017du8st {
  background-color: #000000;
  width: 15px;
  height: 15px;
  border-radius: 100%;
  opacity: 0.8;
  position: absolute;
  top: 0;
  left: 28px;
}

<Loader
  color="#000000"
  css=""
  loading={true}
  margin={2}
  size={15}
>
  <span
    className="emotion-0"
  >
    <span
      className="emotion-018iqsyx"
    >
      <span
        className="emotion-01ho6u3f"
      />
      <span
        className="emotion-017du8st"
      />
    </span>
  </span>
</Loader>
`;
