// Jest Snapshot v1, https://goo.gl/fbAQLP

exports[`SyncLoader should match snapshot 1`] = `
@keyframes animation-0 {
  33% {
    -webkit-transform: translateY(10px);
    -ms-transform: translateY(10px);
    transform: translateY(10px);
  }

  66% {
    -webkit-transform: translateY(-10px);
    -ms-transform: translateY(-10px);
    transform: translateY(-10px);
  }

  100% {
    -webkit-transform: translateY(0);
    -ms-transform: translateY(0);
    transform: translateY(0);
  }
}

@keyframes animation-0 {
  33% {
    -webkit-transform: translateY(10px);
    -ms-transform: translateY(10px);
    transform: translateY(10px);
  }

  66% {
    -webkit-transform: translateY(-10px);
    -ms-transform: translateY(-10px);
    transform: translateY(-10px);
  }

  100% {
    -webkit-transform: translateY(0);
    -ms-transform: translateY(0);
    transform: translateY(0);
  }
}

@keyframes animation-0 {
  33% {
    -webkit-transform: translateY(10px);
    -ms-transform: translateY(10px);
    transform: translateY(10px);
  }

  66% {
    -webkit-transform: translateY(-10px);
    -ms-transform: translateY(-10px);
    transform: translateY(-10px);
  }

  100% {
    -webkit-transform: translateY(0);
    -ms-transform: translateY(0);
    transform: translateY(0);
  }
}

.emotion-0 {
  background-color: #000000;
  width: 15px;
  height: 15px;
  margin: 2px;
  border-radius: 100%;
  display: inline-block;
  -webkit-animation: animation-0 0.6s 0.07s infinite ease-in-out;
  animation: animation-0 0.6s 0.07s infinite ease-in-out;
  -webkit-animation-fill-mode: both;
  animation-fill-mode: both;
}

.emotion-1 {
  background-color: #000000;
  width: 15px;
  height: 15px;
  margin: 2px;
  border-radius: 100%;
  display: inline-block;
  -webkit-animation: animation-0 0.6s 0.14s infinite ease-in-out;
  animation: animation-0 0.6s 0.14s infinite ease-in-out;
  -webkit-animation-fill-mode: both;
  animation-fill-mode: both;
}

.emotion-2 {
  background-color: #000000;
  width: 15px;
  height: 15px;
  margin: 2px;
  border-radius: 100%;
  display: inline-block;
  -webkit-animation: animation-0 0.6s 0.21000000000000002s infinite ease-in-out;
  animation: animation-0 0.6s 0.21000000000000002s infinite ease-in-out;
  -webkit-animation-fill-mode: both;
  animation-fill-mode: both;
}

<Loader
  color="#000000"
  css={Object {}}
  loading={true}
  margin="2px"
  size={15}
  sizeUnit="px"
>
  <div
    className="emotion-3"
  >
    <div
      className="emotion-0"
    />
    <div
      className="emotion-1"
    />
    <div
      className="emotion-2"
    />
  </div>
</Loader>
`;
