// Jest Snapshot v1, https://goo.gl/fbAQLP

exports[`SyncLoader should match snapshot 1`] = `
@keyframes animation-0 {
  33% {
    -webkit-transform: translateY(10px);
    -moz-transform: translateY(10px);
    -ms-transform: translateY(10px);
    transform: translateY(10px);
  }

  66% {
    -webkit-transform: translateY(-10px);
    -moz-transform: translateY(-10px);
    -ms-transform: translateY(-10px);
    transform: translateY(-10px);
  }

  100% {
    -webkit-transform: translateY(0);
    -moz-transform: translateY(0);
    -ms-transform: translateY(0);
    transform: translateY(0);
  }
}

@keyframes animation-0 {
  33% {
    -webkit-transform: translateY(10px);
    -moz-transform: translateY(10px);
    -ms-transform: translateY(10px);
    transform: translateY(10px);
  }

  66% {
    -webkit-transform: translateY(-10px);
    -moz-transform: translateY(-10px);
    -ms-transform: translateY(-10px);
    transform: translateY(-10px);
  }

  100% {
    -webkit-transform: translateY(0);
    -moz-transform: translateY(0);
    -ms-transform: translateY(0);
    transform: translateY(0);
  }
}

@keyframes animation-0 {
  33% {
    -webkit-transform: translateY(10px);
    -moz-transform: translateY(10px);
    -ms-transform: translateY(10px);
    transform: translateY(10px);
  }

  66% {
    -webkit-transform: translateY(-10px);
    -moz-transform: translateY(-10px);
    -ms-transform: translateY(-10px);
    transform: translateY(-10px);
  }

  100% {
    -webkit-transform: translateY(0);
    -moz-transform: translateY(0);
    -ms-transform: translateY(0);
    transform: translateY(0);
  }
}

.emotion-01j1i60w {
  background-color: #000000;
  width: 15px;
  height: 15px;
  margin: 2px;
  border-radius: 100%;
  display: inline-block;
  -webkit-animation: animation-0 0.6s 0.07s infinite ease-in-out;
  animation: animation-0 0.6s 0.07s infinite ease-in-out;
  -webkit-animation-fill-mode: both;
  animation-fill-mode: both;
}

.emotion-0wbrves {
  background-color: #000000;
  width: 15px;
  height: 15px;
  margin: 2px;
  border-radius: 100%;
  display: inline-block;
  -webkit-animation: animation-0 0.6s 0.14s infinite ease-in-out;
  animation: animation-0 0.6s 0.14s infinite ease-in-out;
  -webkit-animation-fill-mode: both;
  animation-fill-mode: both;
}

.emotion-01ctme5z {
  background-color: #000000;
  width: 15px;
  height: 15px;
  margin: 2px;
  border-radius: 100%;
  display: inline-block;
  -webkit-animation: animation-0 0.6s 0.21000000000000002s infinite ease-in-out;
  animation: animation-0 0.6s 0.21000000000000002s infinite ease-in-out;
  -webkit-animation-fill-mode: both;
  animation-fill-mode: both;
}

<Loader
  color="#000000"
  css=""
  loading={true}
  margin={2}
  size={15}
>
  <span
    className="emotion-0"
  >
    <span
      className="emotion-01xdhyk6"
    >
      <span
        className="emotion-01j1i60w"
      />
      <span
        className="emotion-0wbrves"
      />
      <span
        className="emotion-01ctme5z"
      />
    </span>
  </span>
</Loader>
`;
